2026-04-20 11:09:19,371 [INFO] ============================================================
2026-04-20 11:09:19,371 [INFO] STEP 3-1: 准备量化校准数据 (Windows -> Ubuntu)
2026-04-20 11:09:19,371 [INFO]   src : C:\e\workspace\experiment\EI_yolo\BDF-18K
2026-04-20 11:09:19,371 [INFO]   dst : c:\e\workspace\experiment\EI_yolo\step\step3\calibration_f32
2026-04-20 11:09:19,372 [INFO]   size: 640  num: 100  seed: 42
2026-04-20 11:09:19,372 [INFO] ============================================================
2026-04-20 11:09:19,372 [INFO] [BP-A] 递归扫描: C:\e\workspace\experiment\EI_yolo\BDF-18K
2026-04-20 11:09:20,308 [INFO] [BP-A] 找到 15097 张图片
2026-04-20 11:09:20,308 [INFO] [BP-B] 随机采样 100 张 (seed=42)
2026-04-20 11:09:20,310 [INFO] [BP-B] 来源分布: {'自拍数据集推理': 53, '公开数据集': 47}
2026-04-20 11:09:21,578 [INFO]   [20/100] 已处理
2026-04-20 11:09:22,901 [INFO]   [40/100] 已处理
2026-04-20 11:09:24,077 [INFO]   [60/100] 已处理
2026-04-20 11:09:25,464 [INFO]   [80/100] 已处理
2026-04-20 11:09:26,742 [INFO]   [100/100] 已处理
2026-04-20 11:09:26,743 [INFO] ============================================================
2026-04-20 11:09:26,743 [INFO] [BP-D] 完成: 成功=100, 失败=0
2026-04-20 11:09:26,743 [INFO]   单文件大小: 4.69 MB
2026-04-20 11:09:26,743 [INFO]   总计: 469 MB
2026-04-20 11:09:26,743 [INFO]   输出目录: c:\e\workspace\experiment\EI_yolo\step\step3\calibration_f32
2026-04-20 11:09:26,744 [INFO]   元数据:   c:\e\workspace\experiment\EI_yolo\step\step3\calibration_f32\calibration_meta.json
2026-04-20 11:09:26,744 [INFO] ============================================================
2026-04-20 11:09:26,744 [INFO] STEP 3-1 完成
2026-04-20 11:09:26,744 [INFO] 下一步: 将 calibration_f32/ 传到 Ubuntu /data/calibration_f32/
2026-04-20 11:09:26,744 [INFO]   scp -r step/step3/calibration_f32 user@ubuntu:/data/
2026-04-20 11:09:26,744 [INFO] ============================================================
